// Jest Snapshot v1, https://goo.gl/fbAQLP

exports[`App rendering renders as expected 1`] = `
ShallowWrapper {
  Symbol(enzyme.__root__): [Circular],
  Symbol(enzyme.__unrendered__): <MapMenu />,
  Symbol(enzyme.__renderer__): Object {
    "batchedUpdates": [Function],
    "getNode": [Function],
    "render": [Function],
    "simulateError": [Function],
    "simulateEvent": [Function],
    "unmount": [Function],
  },
  Symbol(enzyme.__node__): Object {
    "instance": null,
    "key": undefined,
    "nodeType": "function",
    "props": Object {
      "children": <Row
        noGutters={true}
        tag="div"
      >
        <Col
          tag="div"
          widths={
            Array [
              "xs",
              "sm",
              "md",
              "lg",
              "xl",
            ]
          }
        >
          <MapSearchInput />
        </Col>
        <Col
          tag="div"
          widths={
            Array [
              "xs",
              "sm",
              "md",
              "lg",
              "xl",
            ]
          }
        >
          <FormGroup
            tag="div"
          >
            <Input
              id="addressTypeFilter"
              name="addressTypeFilter"
              type="select"
            >
              <option>
                Establishments
              </option>
              <option>
                All Addresses
              </option>
            </Input>
          </FormGroup>
        </Col>
      </Row>,
    },
    "ref": null,
    "rendered": Object {
      "instance": null,
      "key": undefined,
      "nodeType": "function",
      "props": Object {
        "children": Array [
          <Col
            tag="div"
            widths={
              Array [
                "xs",
                "sm",
                "md",
                "lg",
                "xl",
              ]
            }
          >
            <MapSearchInput />
          </Col>,
          <Col
            tag="div"
            widths={
              Array [
                "xs",
                "sm",
                "md",
                "lg",
                "xl",
              ]
            }
          >
            <FormGroup
              tag="div"
            >
              <Input
                id="addressTypeFilter"
                name="addressTypeFilter"
                type="select"
              >
                <option>
                  Establishments
                </option>
                <option>
                  All Addresses
                </option>
              </Input>
            </FormGroup>
          </Col>,
        ],
        "noGutters": true,
        "tag": "div",
      },
      "ref": null,
      "rendered": Array [
        Object {
          "instance": null,
          "key": undefined,
          "nodeType": "function",
          "props": Object {
            "children": <MapSearchInput />,
            "tag": "div",
            "widths": Array [
              "xs",
              "sm",
              "md",
              "lg",
              "xl",
            ],
          },
          "ref": null,
          "rendered": Object {
            "instance": null,
            "key": undefined,
            "nodeType": "function",
            "props": Object {
              "currentMapInfo": undefined,
              "handleMapInstance": undefined,
              "places": undefined,
            },
            "ref": null,
            "rendered": null,
            "type": [Function],
          },
          "type": [Function],
        },
        Object {
          "instance": null,
          "key": undefined,
          "nodeType": "function",
          "props": Object {
            "children": <FormGroup
              tag="div"
            >
              <Input
                id="addressTypeFilter"
                name="addressTypeFilter"
                type="select"
              >
                <option>
                  Establishments
                </option>
                <option>
                  All Addresses
                </option>
              </Input>
            </FormGroup>,
            "tag": "div",
            "widths": Array [
              "xs",
              "sm",
              "md",
              "lg",
              "xl",
            ],
          },
          "ref": null,
          "rendered": Object {
            "instance": null,
            "key": undefined,
            "nodeType": "function",
            "props": Object {
              "children": <Input
                id="addressTypeFilter"
                name="addressTypeFilter"
                type="select"
              >
                <option>
                  Establishments
                </option>
                <option>
                  All Addresses
                </option>
              </Input>,
              "tag": "div",
            },
            "ref": null,
            "rendered": Object {
              "instance": null,
              "key": undefined,
              "nodeType": "class",
              "props": Object {
                "children": Array [
                  <option>
                    Establishments
                  </option>,
                  <option>
                    All Addresses
                  </option>,
                ],
                "id": "addressTypeFilter",
                "name": "addressTypeFilter",
                "type": "select",
              },
              "ref": null,
              "rendered": Array [
                Object {
                  "instance": null,
                  "key": undefined,
                  "nodeType": "host",
                  "props": Object {
                    "children": "Establishments",
                  },
                  "ref": null,
                  "rendered": "Establishments",
                  "type": "option",
                },
                Object {
                  "instance": null,
                  "key": undefined,
                  "nodeType": "host",
                  "props": Object {
                    "children": "All Addresses",
                  },
                  "ref": null,
                  "rendered": "All Addresses",
                  "type": "option",
                },
              ],
              "type": [Function],
            },
            "type": [Function],
          },
          "type": [Function],
        },
      ],
      "type": [Function],
    },
    "type": Symbol(react.fragment),
  },
  Symbol(enzyme.__nodes__): Array [
    Object {
      "instance": null,
      "key": undefined,
      "nodeType": "function",
      "props": Object {
        "children": <Row
          noGutters={true}
          tag="div"
        >
          <Col
            tag="div"
            widths={
              Array [
                "xs",
                "sm",
                "md",
                "lg",
                "xl",
              ]
            }
          >
            <MapSearchInput />
          </Col>
          <Col
            tag="div"
            widths={
              Array [
                "xs",
                "sm",
                "md",
                "lg",
                "xl",
              ]
            }
          >
            <FormGroup
              tag="div"
            >
              <Input
                id="addressTypeFilter"
                name="addressTypeFilter"
                type="select"
              >
                <option>
                  Establishments
                </option>
                <option>
                  All Addresses
                </option>
              </Input>
            </FormGroup>
          </Col>
        </Row>,
      },
      "ref": null,
      "rendered": Object {
        "instance": null,
        "key": undefined,
        "nodeType": "function",
        "props": Object {
          "children": Array [
            <Col
              tag="div"
              widths={
                Array [
                  "xs",
                  "sm",
                  "md",
                  "lg",
                  "xl",
                ]
              }
            >
              <MapSearchInput />
            </Col>,
            <Col
              tag="div"
              widths={
                Array [
                  "xs",
                  "sm",
                  "md",
                  "lg",
                  "xl",
                ]
              }
            >
              <FormGroup
                tag="div"
              >
                <Input
                  id="addressTypeFilter"
                  name="addressTypeFilter"
                  type="select"
                >
                  <option>
                    Establishments
                  </option>
                  <option>
                    All Addresses
                  </option>
                </Input>
              </FormGroup>
            </Col>,
          ],
          "noGutters": true,
          "tag": "div",
        },
        "ref": null,
        "rendered": Array [
          Object {
            "instance": null,
            "key": undefined,
            "nodeType": "function",
            "props": Object {
              "children": <MapSearchInput />,
              "tag": "div",
              "widths": Array [
                "xs",
                "sm",
                "md",
                "lg",
                "xl",
              ],
            },
            "ref": null,
            "rendered": Object {
              "instance": null,
              "key": undefined,
              "nodeType": "function",
              "props": Object {
                "currentMapInfo": undefined,
                "handleMapInstance": undefined,
                "places": undefined,
              },
              "ref": null,
              "rendered": null,
              "type": [Function],
            },
            "type": [Function],
          },
          Object {
            "instance": null,
            "key": undefined,
            "nodeType": "function",
            "props": Object {
              "children": <FormGroup
                tag="div"
              >
                <Input
                  id="addressTypeFilter"
                  name="addressTypeFilter"
                  type="select"
                >
                  <option>
                    Establishments
                  </option>
                  <option>
                    All Addresses
                  </option>
                </Input>
              </FormGroup>,
              "tag": "div",
              "widths": Array [
                "xs",
                "sm",
                "md",
                "lg",
                "xl",
              ],
            },
            "ref": null,
            "rendered": Object {
              "instance": null,
              "key": undefined,
              "nodeType": "function",
              "props": Object {
                "children": <Input
                  id="addressTypeFilter"
                  name="addressTypeFilter"
                  type="select"
                >
                  <option>
                    Establishments
                  </option>
                  <option>
                    All Addresses
                  </option>
                </Input>,
                "tag": "div",
              },
              "ref": null,
              "rendered": Object {
                "instance": null,
                "key": undefined,
                "nodeType": "class",
                "props": Object {
                  "children": Array [
                    <option>
                      Establishments
                    </option>,
                    <option>
                      All Addresses
                    </option>,
                  ],
                  "id": "addressTypeFilter",
                  "name": "addressTypeFilter",
                  "type": "select",
                },
                "ref": null,
                "rendered": Array [
                  Object {
                    "instance": null,
                    "key": undefined,
                    "nodeType": "host",
                    "props": Object {
                      "children": "Establishments",
                    },
                    "ref": null,
                    "rendered": "Establishments",
                    "type": "option",
                  },
                  Object {
                    "instance": null,
                    "key": undefined,
                    "nodeType": "host",
                    "props": Object {
                      "children": "All Addresses",
                    },
                    "ref": null,
                    "rendered": "All Addresses",
                    "type": "option",
                  },
                ],
                "type": [Function],
              },
              "type": [Function],
            },
            "type": [Function],
          },
        ],
        "type": [Function],
      },
      "type": Symbol(react.fragment),
    },
  ],
  Symbol(enzyme.__options__): Object {
    "adapter": ReactSixteenAdapter {
      "options": Object {
        "enableComponentDidUpdateOnSetState": true,
        "lifecycles": Object {
          "componentDidUpdate": Object {
            "onSetState": true,
          },
          "getDerivedStateFromProps": true,
          "getSnapshotBeforeUpdate": true,
          "setState": Object {
            "skipsComponentDidUpdateOnNullish": true,
          },
        },
      },
    },
  },
}
`;
